=== session start 2026-08-25 09:25:18 device=cuda ===

  checkpoints present: 0/120
  by seed: (none)
    cifar_fs/1shot             0/36
    cifar_fs/5shot             0/36
    mini_imagenet/1shot        0/24
    mini_imagenet/5shot        0/24

  VERDICT (c): None recovered — RQ1 needs the grid retrain; RQ2 piggybacks on it rather than costing extra.

--- scanning attached datasets for Step 10 artifacts ---
  scanned ('/kaggle/input',): 0 zip(s), 99 loose checkpoint(s)
  copied 99 checkpoint(s) into checkpoints/

--- audit after recovery ---

  checkpoints present: 99/120
  by seed: {42: 33, 43: 33, 44: 33}
    cifar_fs/1shot             36/36
    cifar_fs/5shot             15/36
    mini_imagenet/1shot        24/24
    mini_imagenet/5shot        24/24

  VERDICT (b-partial): Partial recovery (99/120). Usable, but state the coverage explicitly.

  NOTE: partial recovery. Whatever you report from this must state the seed coverage explicitly -- with one seed there are no seed error bars, and saying so is the difference between a limitation and a flaw.
[A] 120 cell(s) selected; 99 have a checkpoint, 21 would need training (ALLOW_RETRAIN=False)
[A] rough estimate: ~297 min (5.0 h) at ~3 min/eval, ~21 min/train+eval
[A] (1/120) cifar_fs_5shot_mobilenetv3_small_bottleneck_parallel_evidential_seed42
    no checkpoint and ALLOW_RETRAIN=False -> skipped
[A] (2/120) cifar_fs_5shot_mobilenetv3_small_bottleneck_parallel_evidential_seed43
    no checkpoint and ALLOW_RETRAIN=False -> skipped
[A] (3/120) cifar_fs_5shot_mobilenetv3_small_bottleneck_parallel_evidential_seed44
    no checkpoint and ALLOW_RETRAIN=False -> skipped
[A] (4/120) cifar_fs_5shot_mobilenetv3_small_bottleneck_parallel_softmax_seed42
    no checkpoint and ALLOW_RETRAIN=False -> skipped
[A] (5/120) cifar_fs_5shot_mobilenetv3_small_bottleneck_parallel_softmax_seed43
    no checkpoint and ALLOW_RETRAIN=False -> skipped
[A] (6/120) cifar_fs_5shot_mobilenetv3_small_bottleneck_parallel_softmax_seed44
    no checkpoint and ALLOW_RETRAIN=False -> skipped
[A] (7/120) cifar_fs_5shot_mobilenetv3_small_lora_evidential_seed42
    no checkpoint and ALLOW_RETRAIN=False -> skipped
[A] (8/120) cifar_fs_5shot_mobilenetv3_small_lora_evidential_seed43
    no checkpoint and ALLOW_RETRAIN=False -> skipped
[A] (9/120) cifar_fs_5shot_mobilenetv3_small_lora_evidential_seed44
    no checkpoint and ALLOW_RETRAIN=False -> skipped
[A] (10/120) cifar_fs_5shot_mobilenetv3_small_lora_softmax_seed42
    T=0.7460  affine native=(1.0000, 0.0000)  refit=(5.3372, -13.5490)
    ep 200/600  acc=0.8726
    ep 400/600  acc=0.8777
    ep 600/600  acc=0.8776
    guard: exact (13/13 exact, max|diff|=0.00e+00)  [794.0s]
[A] (11/120) cifar_fs_5shot_mobilenetv3_small_lora_softmax_seed43
    T=0.7232  affine native=(1.0000, 0.0000)  refit=(5.0036, -13.9590)
    ep 200/600  acc=0.8725
    ep 400/600  acc=0.8772
    ep 600/600  acc=0.8777
    guard: exact (13/13 exact, max|diff|=0.00e+00)  [186.2s]
[A] (12/120) cifar_fs_5shot_mobilenetv3_small_lora_softmax_seed44
    T=0.6917  affine native=(1.0000, 0.0000)  refit=(5.5139, -14.1136)
    ep 200/600  acc=0.8819
    ep 400/600  acc=0.8843
    ep 600/600  acc=0.8860
    guard: exact (13/13 exact, max|diff|=0.00e+00)  [187.9s]
[A] (13/120) cifar_fs_5shot_resnet18_bottleneck_parallel_evidential_seed42
    no checkpoint and ALLOW_RETRAIN=False -> skipped
[A] (14/120) cifar_fs_5shot_resnet18_bottleneck_parallel_evidential_seed43
    no checkpoint and ALLOW_RETRAIN=False -> skipped
[A] (15/120) cifar_fs_5shot_resnet18_bottleneck_parallel_evidential_seed44
    no checkpoint and ALLOW_RETRAIN=False -> skipped
[A] (16/120) cifar_fs_5shot_resnet18_bottleneck_parallel_softmax_seed42
    no checkpoint and ALLOW_RETRAIN=False -> skipped
[A] (17/120) cifar_fs_5shot_resnet18_bottleneck_parallel_softmax_seed43
    no checkpoint and ALLOW_RETRAIN=False -> skipped
[A] (18/120) cifar_fs_5shot_resnet18_bottleneck_parallel_softmax_seed44
    no checkpoint and ALLOW_RETRAIN=False -> skipped
[A] (19/120) cifar_fs_5shot_resnet18_full_ft_evidential_seed42
    T=0.8027  affine native=(2.0042, -6.0002)  refit=(8.2306, -18.0497)
    ep 200/600  acc=0.8827
    ep 400/600  acc=0.8856
    ep 600/600  acc=0.8882
    guard: exact (12/12 exact, max|diff|=0.00e+00)  [221.7s]
[A] (20/120) cifar_fs_5shot_resnet18_full_ft_evidential_seed43
    T=0.8027  affine native=(2.0042, -6.0002)  refit=(8.2306, -18.0497)
    ep 200/600  acc=0.8827
    ep 400/600  acc=0.8856
    ep 600/600  acc=0.8882
    guard: exact (12/12 exact, max|diff|=0.00e+00)  [224.0s]
[A] (21/120) cifar_fs_5shot_resnet18_full_ft_evidential_seed44
    T=0.8027  affine native=(2.0042, -6.0002)  refit=(8.2306, -18.0497)
    ep 200/600  acc=0.8827
    ep 400/600  acc=0.8856
    ep 600/600  acc=0.8882
    guard: exact (12/12 exact, max|diff|=0.00e+00)  [221.8s]
[A] (22/120) cifar_fs_5shot_resnet18_full_ft_softmax_seed42
    T=0.6945  affine native=(1.0000, 0.0000)  refit=(5.1127, -13.4965)
    ep 200/600  acc=0.9025
    ep 400/600  acc=0.9036
    ep 600/600  acc=0.9047
    guard: exact (13/13 exact, max|diff|=0.00e+00)  [222.1s]
[A] (23/120) cifar_fs_5shot_resnet18_full_ft_softmax_seed43
    T=0.6945  affine native=(1.0000, 0.0000)  refit=(5.1127, -13.4965)
    ep 200/600  acc=0.9025
    ep 400/600  acc=0.9036
    ep 600/600  acc=0.9047
    guard: exact (13/13 exact, max|diff|=0.00e+00)  [225.0s]
[A] (24/120) cifar_fs_5shot_resnet18_full_ft_softmax_seed44
    T=0.6945  affine native=(1.0000, 0.0000)  refit=(5.1127, -13.4965)
    ep 200/600  acc=0.9025
    ep 400/600  acc=0.9036
    ep 600/600  acc=0.9047
    guard: exact (13/13 exact, max|diff|=0.00e+00)  [223.8s]
[A] (25/120) cifar_fs_5shot_resnet18_linear_probe_evidential_seed42
    T=0.2209  affine native=(1.5081, -6.5614)  refit=(3.6133, -26.4749)
    ep 200/600  acc=0.8715
    ep 400/600  acc=0.8745
    ep 600/600  acc=0.8741
    guard: exact (12/12 exact, max|diff|=0.00e+00)  [224.0s]
[A] (26/120) cifar_fs_5shot_resnet18_linear_probe_evidential_seed43
    T=0.2209  affine native=(1.5081, -6.5614)  refit=(3.6133, -26.4749)
    ep 200/600  acc=0.8715
    ep 400/600  acc=0.8745
    ep 600/600  acc=0.8741
    guard: exact (12/12 exact, max|diff|=0.00e+00)  [224.6s]
[A] (27/120) cifar_fs_5shot_resnet18_linear_probe_evidential_seed44
    T=0.2209  affine native=(1.5081, -6.5614)  refit=(3.6133, -26.4749)
    ep 200/600  acc=0.8715
    ep 400/600  acc=0.8745
    ep 600/600  acc=0.8741
    guard: exact (12/12 exact, max|diff|=0.00e+00)  [225.1s]
[A] (28/120) cifar_fs_5shot_resnet18_linear_probe_softmax_seed42
    T=0.2209  affine native=(1.0000, 0.0000)  refit=(3.2998, -24.0659)
    ep 200/600  acc=0.8715
    ep 400/600  acc=0.8745
    ep 600/600  acc=0.8741
    guard: exact (13/13 exact, max|diff|=0.00e+00)  [224.4s]
[A] (29/120) cifar_fs_5shot_resnet18_linear_probe_softmax_seed43
    T=0.2209  affine native=(1.0000, 0.0000)  refit=(3.2998, -24.0659)
    ep 200/600  acc=0.8715
    ep 400/600  acc=0.8745
    ep 600/600  acc=0.8741
    guard: exact (13/13 exact, max|diff|=0.00e+00)  [224.5s]
[A] (30/120) cifar_fs_5shot_resnet18_linear_probe_softmax_seed44
    T=0.2209  affine native=(1.0000, 0.0000)  refit=(3.2998, -24.0659)
    ep 200/600  acc=0.8715
    ep 400/600  acc=0.8745
    ep 600/600  acc=0.8741
    guard: exact (13/13 exact, max|diff|=0.00e+00)  [228.0s]
[A] (31/120) cifar_fs_5shot_resnet18_lora_evidential_seed42
    no checkpoint and ALLOW_RETRAIN=False -> skipped
[A] (32/120) cifar_fs_5shot_resnet18_lora_evidential_seed43
    no checkpoint and ALLOW_RETRAIN=False -> skipped
[A] (33/120) cifar_fs_5shot_resnet18_lora_evidential_seed44
    no checkpoint and ALLOW_RETRAIN=False -> skipped
[A] (34/120) cifar_fs_5shot_resnet18_lora_softmax_seed42
    no checkpoint and ALLOW_RETRAIN=False -> skipped
[A] (35/120) cifar_fs_5shot_resnet18_lora_softmax_seed43
    no checkpoint and ALLOW_RETRAIN=False -> skipped
[A] (36/120) cifar_fs_5shot_resnet18_lora_softmax_seed44
    no checkpoint and ALLOW_RETRAIN=False -> skipped
[A] (37/120) mini_imagenet_5shot_mobilenetv3_small_bottleneck_parallel_evidential_seed42
    T=0.5661  affine native=(3.5532, -6.1161)  refit=(13.0582, -20.2183)
    ep 200/600  acc=0.9080
    ep 400/600  acc=0.9063
    ep 600/600  acc=0.9073
    guard: exact (12/12 exact, max|diff|=0.00e+00)  [463.2s]
[A] (38/120) mini_imagenet_5shot_mobilenetv3_small_bottleneck_parallel_evidential_seed43
    T=0.5692  affine native=(3.5440, -6.1253)  refit=(12.9530, -20.1431)
    ep 200/600  acc=0.9034
    ep 400/600  acc=0.9033
    ep 600/600  acc=0.9044
    guard: exact (12/12 exact, max|diff|=0.00e+00)  [196.7s]
[A] (39/120) mini_imagenet_5shot_mobilenetv3_small_bottleneck_parallel_evidential_seed44
    T=0.5674  affine native=(3.5494, -6.1262)  refit=(13.0441, -20.4827)
    ep 200/600  acc=0.9077
    ep 400/600  acc=0.9067
    ep 600/600  acc=0.9075
    guard: exact (12/12 exact, max|diff|=0.00e+00)  [197.1s]
[A] (40/120) mini_imagenet_5shot_mobilenetv3_small_bottleneck_parallel_softmax_seed42
    T=0.6184  affine native=(1.0000, 0.0000)  refit=(7.1549, -12.4381)
    ep 200/600  acc=0.8951
    ep 400/600  acc=0.8965
    ep 600/600  acc=0.8980
    guard: exact (13/13 exact, max|diff|=0.00e+00)  [197.2s]
[A] (41/120) mini_imagenet_5shot_mobilenetv3_small_bottleneck_parallel_softmax_seed43
    T=0.5943  affine native=(1.0000, 0.0000)  refit=(7.5055, -12.2295)
    ep 200/600  acc=0.9073
    ep 400/600  acc=0.9057
    ep 600/600  acc=0.9058
    guard: exact (13/13 exact, max|diff|=0.00e+00)  [196.6s]
[A] (42/120) mini_imagenet_5shot_mobilenetv3_small_bottleneck_parallel_softmax_seed44
    T=0.6204  affine native=(1.0000, 0.0000)  refit=(7.2529, -12.3900)
    ep 200/600  acc=0.8989
    ep 400/600  acc=0.8990
    ep 600/600  acc=0.8991
    guard: exact (13/13 exact, max|diff|=0.00e+00)  [198.0s]
[A] (43/120) mini_imagenet_5shot_mobilenetv3_small_lora_evidential_seed42
    T=0.6413  affine native=(3.3745, -6.3663)  refit=(12.3070, -19.2708)
    ep 200/600  acc=0.8762
    ep 400/600  acc=0.8755
    ep 600/600  acc=0.8765
    guard: exact (12/12 exact, max|diff|=0.00e+00)  [197.1s]
[A] (44/120) mini_imagenet_5shot_mobilenetv3_small_lora_evidential_seed43
    T=0.6508  affine native=(3.3683, -6.3377)  refit=(12.2514, -19.8702)
    ep 200/600  acc=0.8848
    ep 400/600  acc=0.8811
    ep 600/600  acc=0.8831
    guard: exact (12/12 exact, max|diff|=0.00e+00)  [197.5s]
[A] (45/120) mini_imagenet_5shot_mobilenetv3_small_lora_evidential_seed44
    T=0.6505  affine native=(3.4800, -6.5605)  refit=(12.2751, -19.5168)
    ep 200/600  acc=0.8792
    ep 400/600  acc=0.8787
    ep 600/600  acc=0.8792
    guard: exact (12/12 exact, max|diff|=0.00e+00)  [197.8s]
[A] (46/120) mini_imagenet_5shot_mobilenetv3_small_lora_softmax_seed42
    T=0.6678  affine native=(1.0000, 0.0000)  refit=(5.9931, -13.1142)
    ep 200/600  acc=0.8829
    ep 400/600  acc=0.8809
    ep 600/600  acc=0.8810
    guard: exact (13/13 exact, max|diff|=0.00e+00)  [197.6s]
[A] (47/120) mini_imagenet_5shot_mobilenetv3_small_lora_softmax_seed43
    T=0.6833  affine native=(1.0000, 0.0000)  refit=(5.9132, -12.9689)
    ep 200/600  acc=0.8809
    ep 400/600  acc=0.8794
    ep 600/600  acc=0.8802
    guard: exact (13/13 exact, max|diff|=0.00e+00)  [197.1s]
[A] (48/120) mini_imagenet_5shot_mobilenetv3_small_lora_softmax_seed44
    T=0.6760  affine native=(1.0000, 0.0000)  refit=(6.1210, -12.8637)
    ep 200/600  acc=0.8784
    ep 400/600  acc=0.8771
    ep 600/600  acc=0.8777
    guard: exact (13/13 exact, max|diff|=0.00e+00)  [196.1s]
[A] (49/120) mini_imagenet_5shot_resnet18_bottleneck_parallel_evidential_seed42
    T=0.4723  affine native=(4.5204, -8.1881)  refit=(14.5378, -21.1150)
    ep 200/600  acc=0.9591
    ep 400/600  acc=0.9589
    ep 600/600  acc=0.9601
    guard: exact (12/12 exact, max|diff|=0.00e+00)  [235.1s]
[A] (50/120) mini_imagenet_5shot_resnet18_bottleneck_parallel_evidential_seed43
    T=0.4761  affine native=(4.0073, -7.2497)  refit=(13.8088, -20.3163)
    ep 200/600  acc=0.9587
    ep 400/600  acc=0.9578
    ep 600/600  acc=0.9591
    guard: exact (12/12 exact, max|diff|=0.00e+00)  [234.3s]
[A] (51/120) mini_imagenet_5shot_resnet18_bottleneck_parallel_evidential_seed44
    T=0.4639  affine native=(3.1572, -5.6836)  refit=(11.6581, -23.0000)
    ep 200/600  acc=0.9571
    ep 400/600  acc=0.9561
    ep 600/600  acc=0.9573
    guard: exact (12/12 exact, max|diff|=0.00e+00)  [234.4s]
[A] (52/120) mini_imagenet_5shot_resnet18_bottleneck_parallel_softmax_seed42
    T=0.5209  affine native=(1.0000, 0.0000)  refit=(8.4073, -11.5010)
    ep 200/600  acc=0.9546
    ep 400/600  acc=0.9544
    ep 600/600  acc=0.9550
    guard: exact (13/13 exact, max|diff|=0.00e+00)  [233.5s]
[A] (53/120) mini_imagenet_5shot_resnet18_bottleneck_parallel_softmax_seed43
    T=0.5263  affine native=(1.0000, 0.0000)  refit=(8.1903, -12.0951)
    ep 200/600  acc=0.9545
    ep 400/600  acc=0.9553
    ep 600/600  acc=0.9558
    guard: exact (13/13 exact, max|diff|=0.00e+00)  [233.5s]
[A] (54/120) mini_imagenet_5shot_resnet18_bottleneck_parallel_softmax_seed44
    T=0.5225  affine native=(1.0000, 0.0000)  refit=(8.3213, -11.6992)
    ep 200/600  acc=0.9546
    ep 400/600  acc=0.9550
    ep 600/600  acc=0.9560
    guard: exact (13/13 exact, max|diff|=0.00e+00)  [235.3s]
[A] (55/120) mini_imagenet_5shot_resnet18_lora_evidential_seed42
    T=0.5312  affine native=(2.1270, -7.1733)  refit=(6.1495, -22.8726)
    ep 200/600  acc=0.8851
    ep 400/600  acc=0.8829
    ep 600/600  acc=0.8832
    guard: exact (12/12 exact, max|diff|=0.00e+00)  [232.9s]
[A] (56/120) mini_imagenet_5shot_resnet18_lora_evidential_seed43
    T=0.5541  affine native=(2.2454, -7.4996)  refit=(6.4299, -23.3384)
    ep 200/600  acc=0.8801
    ep 400/600  acc=0.8801
    ep 600/600  acc=0.8789
    guard: exact (12/12 exact, max|diff|=0.00e+00)  [232.5s]
[A] (57/120) mini_imagenet_5shot_resnet18_lora_evidential_seed44
    T=0.5170  affine native=(2.0911, -7.1885)  refit=(5.9400, -22.9392)
    ep 200/600  acc=0.8903
    ep 400/600  acc=0.8886
    ep 600/600  acc=0.8876
    guard: exact (12/12 exact, max|diff|=0.00e+00)  [232.7s]
[A] (58/120) mini_imagenet_5shot_resnet18_lora_softmax_seed42
    T=0.4477  affine native=(1.0000, 0.0000)  refit=(3.7299, -16.6537)
    ep 200/600  acc=0.9103
    ep 400/600  acc=0.9079
    ep 600/600  acc=0.9088
    guard: exact (13/13 exact, max|diff|=0.00e+00)  [232.9s]
[A] (59/120) mini_imagenet_5shot_resnet18_lora_softmax_seed43
    T=0.4250  affine native=(1.0000, 0.0000)  refit=(3.6579, -17.0558)
    ep 200/600  acc=0.9193
    ep 400/600  acc=0.9179
    ep 600/600  acc=0.9177
    guard: exact (13/13 exact, max|diff|=0.00e+00)  [232.0s]
[A] (60/120) mini_imagenet_5shot_resnet18_lora_softmax_seed44
    T=0.4001  affine native=(1.0000, 0.0000)  refit=(3.6576, -17.4835)
    ep 200/600  acc=0.9225
    ep 400/600  acc=0.9207
    ep 600/600  acc=0.9202
    guard: exact (13/13 exact, max|diff|=0.00e+00)  [232.9s]
[A] (61/120) cifar_fs_1shot_mobilenetv3_small_bottleneck_parallel_evidential_seed42
    T=0.9325  affine native=(3.1541, -6.0979)  refit=(8.9005, -13.7917)
    ep 200/600  acc=0.7899
    ep 400/600  acc=0.7877
    ep 600/600  acc=0.7892
    guard: exact (12/12 exact, max|diff|=0.00e+00)  [163.3s]
[A] (62/120) cifar_fs_1shot_mobilenetv3_small_bottleneck_parallel_evidential_seed43
    T=0.8902  affine native=(3.4795, -7.1954)  refit=(9.0792, -10.2634)
    ep 200/600  acc=0.7929
    ep 400/600  acc=0.7901
    ep 600/600  acc=0.7892
    guard: exact (12/12 exact, max|diff|=0.00e+00)  [156.9s]
[A] (63/120) cifar_fs_1shot_mobilenetv3_small_bottleneck_parallel_evidential_seed44
    T=0.9672  affine native=(3.1555, -6.1535)  refit=(8.3793, -12.5836)
    ep 200/600  acc=0.7880
    ep 400/600  acc=0.7864
    ep 600/600  acc=0.7878
    guard: exact (12/12 exact, max|diff|=0.00e+00)  [155.6s]
[A] (64/120) cifar_fs_1shot_mobilenetv3_small_bottleneck_parallel_softmax_seed42
    T=0.9419  affine native=(1.0000, 0.0000)  refit=(5.6912, -12.6471)
    ep 200/600  acc=0.7861
    ep 400/600  acc=0.7824
    ep 600/600  acc=0.7842
    guard: exact (13/13 exact, max|diff|=0.00e+00)  [153.5s]
[A] (65/120) cifar_fs_1shot_mobilenetv3_small_bottleneck_parallel_softmax_seed43
    T=0.9539  affine native=(1.0000, 0.0000)  refit=(5.2964, -12.9824)
    ep 200/600  acc=0.7931
    ep 400/600  acc=0.7899
    ep 600/600  acc=0.7920
    guard: exact (13/13 exact, max|diff|=0.00e+00)  [153.8s]
[A] (66/120) cifar_fs_1shot_mobilenetv3_small_bottleneck_parallel_softmax_seed44
    T=0.8878  affine native=(1.0000, 0.0000)  refit=(5.5136, -12.9977)
    ep 200/600  acc=0.7907
    ep 400/600  acc=0.7879
    ep 600/600  acc=0.7879
    guard: exact (13/13 exact, max|diff|=0.00e+00)  [152.9s]
[A] (67/120) cifar_fs_1shot_mobilenetv3_small_lora_evidential_seed42
    T=1.2304  affine native=(2.8666, -6.2711)  refit=(7.4474, -8.8173)
    ep 200/600  acc=0.7356
    ep 400/600  acc=0.7359
    ep 600/600  acc=0.7367
    guard: exact (12/12 exact, max|diff|=0.00e+00)  [152.8s]
[A] (68/120) cifar_fs_1shot_mobilenetv3_small_lora_evidential_seed43
    T=1.1870  affine native=(2.8986, -6.2019)  refit=(7.8676, -10.1624)
    ep 200/600  acc=0.7367
    ep 400/600  acc=0.7346
    ep 600/600  acc=0.7365
    guard: exact (12/12 exact, max|diff|=0.00e+00)  [152.0s]
[A] (69/120) cifar_fs_1shot_mobilenetv3_small_lora_evidential_seed44
    T=1.1800  affine native=(2.9045, -6.4089)  refit=(6.7404, -8.1499)
    ep 200/600  acc=0.7511
    ep 400/600  acc=0.7482
    ep 600/600  acc=0.7476
    guard: exact (12/12 exact, max|diff|=0.00e+00)  [153.8s]
[A] (70/120) cifar_fs_1shot_mobilenetv3_small_lora_softmax_seed42
    T=1.1053  affine native=(1.0000, 0.0000)  refit=(4.1459, -13.3178)
    ep 200/600  acc=0.7543
    ep 400/600  acc=0.7499
    ep 600/600  acc=0.7502
    guard: exact (13/13 exact, max|diff|=0.00e+00)  [158.5s]
[A] (71/120) cifar_fs_1shot_mobilenetv3_small_lora_softmax_seed43
    T=1.0149  affine native=(1.0000, 0.0000)  refit=(4.0606, -13.8462)
    ep 200/600  acc=0.7583
    ep 400/600  acc=0.7570
    ep 600/600  acc=0.7576
    guard: exact (13/13 exact, max|diff|=0.00e+00)  [158.6s]
[A] (72/120) cifar_fs_1shot_mobilenetv3_small_lora_softmax_seed44
    T=1.0415  affine native=(1.0000, 0.0000)  refit=(4.2535, -13.4095)
    ep 200/600  acc=0.7513
    ep 400/600  acc=0.7520
    ep 600/600  acc=0.7550
    guard: exact (13/13 exact, max|diff|=0.00e+00)  [166.3s]
[A] (73/120) cifar_fs_1shot_resnet18_bottleneck_parallel_evidential_seed42
    T=0.8260  affine native=(2.9712, -5.8248)  refit=(10.0252, -13.4784)
    ep 200/600  acc=0.7875
    ep 400/600  acc=0.7909
    ep 600/600  acc=0.7891
    guard: exact (12/12 exact, max|diff|=0.00e+00)  [196.8s]
[A] (74/120) cifar_fs_1shot_resnet18_bottleneck_parallel_evidential_seed43
    T=0.8381  affine native=(2.9716, -5.8351)  refit=(9.5563, -13.8426)
    ep 200/600  acc=0.7859
    ep 400/600  acc=0.7909
    ep 600/600  acc=0.7886
    guard: exact (12/12 exact, max|diff|=0.00e+00)  [196.6s]
[A] (75/120) cifar_fs_1shot_resnet18_bottleneck_parallel_evidential_seed44
    T=0.8714  affine native=(3.1156, -5.9443)  refit=(10.0084, -11.5815)
    ep 200/600  acc=0.7981
    ep 400/600  acc=0.7965
    ep 600/600  acc=0.7979
    guard: exact (12/12 exact, max|diff|=0.00e+00)  [188.3s]
[A] (76/120) cifar_fs_1shot_resnet18_bottleneck_parallel_softmax_seed42
    T=0.9844  affine native=(1.0000, 0.0000)  refit=(6.9903, -11.5278)
    ep 200/600  acc=0.7921
    ep 400/600  acc=0.7880
    ep 600/600  acc=0.7907
    guard: exact (13/13 exact, max|diff|=0.00e+00)  [198.4s]
[A] (77/120) cifar_fs_1shot_resnet18_bottleneck_parallel_softmax_seed43
    T=0.9008  affine native=(1.0000, 0.0000)  refit=(6.9667, -10.9375)
    ep 200/600  acc=0.7780
    ep 400/600  acc=0.7796
    ep 600/600  acc=0.7792
    guard: exact (13/13 exact, max|diff|=0.00e+00)  [196.2s]
[A] (78/120) cifar_fs_1shot_resnet18_bottleneck_parallel_softmax_seed44
    T=0.8220  affine native=(1.0000, 0.0000)  refit=(6.2531, -12.7048)
    ep 200/600  acc=0.7814
    ep 400/600  acc=0.7842
    ep 600/600  acc=0.7871
    guard: exact (13/13 exact, max|diff|=0.00e+00)  [188.7s]
[A] (79/120) cifar_fs_1shot_resnet18_full_ft_evidential_seed42
    T=0.8802  affine native=(2.0026, -6.0007)  refit=(7.5998, -18.1629)
    ep 200/600  acc=0.8044
    ep 400/600  acc=0.8026
    ep 600/600  acc=0.8036
    guard: exact (12/12 exact, max|diff|=0.00e+00)  [184.5s]
[A] (80/120) cifar_fs_1shot_resnet18_full_ft_evidential_seed43
    T=0.8802  affine native=(2.0026, -6.0007)  refit=(7.5998, -18.1629)
    ep 200/600  acc=0.8044
    ep 400/600  acc=0.8026
    ep 600/600  acc=0.8036
    guard: exact (12/12 exact, max|diff|=0.00e+00)  [184.1s]
[A] (81/120) cifar_fs_1shot_resnet18_full_ft_evidential_seed44
    T=0.8802  affine native=(2.0026, -6.0007)  refit=(7.5998, -18.1629)
    ep 200/600  acc=0.8044
    ep 400/600  acc=0.8026
    ep 600/600  acc=0.8036
    guard: exact (12/12 exact, max|diff|=0.00e+00)  [183.8s]
[A] (82/120) cifar_fs_1shot_resnet18_full_ft_softmax_seed42
    T=0.7634  affine native=(1.0000, 0.0000)  refit=(4.6547, -14.3059)
    ep 200/600  acc=0.8093
    ep 400/600  acc=0.8093
    ep 600/600  acc=0.8114
    guard: exact (13/13 exact, max|diff|=0.00e+00)  [183.4s]
[A] (83/120) cifar_fs_1shot_resnet18_full_ft_softmax_seed43
    T=0.7634  affine native=(1.0000, 0.0000)  refit=(4.6547, -14.3059)
    ep 200/600  acc=0.8093
    ep 400/600  acc=0.8093
    ep 600/600  acc=0.8114
    guard: exact (13/13 exact, max|diff|=0.00e+00)  [180.5s]
[A] (84/120) cifar_fs_1shot_resnet18_full_ft_softmax_seed44
    T=0.7634  affine native=(1.0000, 0.0000)  refit=(4.6547, -14.3059)
    ep 200/600  acc=0.8093
    ep 400/600  acc=0.8093
    ep 600/600  acc=0.8114
    guard: exact (13/13 exact, max|diff|=0.00e+00)  [179.4s]
[A] (85/120) cifar_fs_1shot_resnet18_linear_probe_evidential_seed42
    T=0.4432  affine native=(1.5193, -6.5523)  refit=(3.8345, -24.7754)
    ep 200/600  acc=0.7057
    ep 400/600  acc=0.7044
    ep 600/600  acc=0.7025
    guard: exact (12/12 exact, max|diff|=0.00e+00)  [171.9s]
[A] (86/120) cifar_fs_1shot_resnet18_linear_probe_evidential_seed43
    T=0.4432  affine native=(1.5193, -6.5523)  refit=(3.8345, -24.7754)
    ep 200/600  acc=0.7057
    ep 400/600  acc=0.7044
    ep 600/600  acc=0.7025
    guard: exact (12/12 exact, max|diff|=0.00e+00)  [179.4s]
[A] (87/120) cifar_fs_1shot_resnet18_linear_probe_evidential_seed44
    T=0.4432  affine native=(1.5193, -6.5523)  refit=(3.8345, -24.7754)
    ep 200/600  acc=0.7057
    ep 400/600  acc=0.7044
    ep 600/600  acc=0.7025
    guard: exact (12/12 exact, max|diff|=0.00e+00)  [180.3s]
[A] (88/120) cifar_fs_1shot_resnet18_linear_probe_softmax_seed42
    T=0.4432  affine native=(1.0000, 0.0000)  refit=(3.4079, -21.8701)
    ep 200/600  acc=0.7057
    ep 400/600  acc=0.7044
    ep 600/600  acc=0.7025
    guard: exact (13/13 exact, max|diff|=0.00e+00)  [181.4s]
[A] (89/120) cifar_fs_1shot_resnet18_linear_probe_softmax_seed43
    T=0.4432  affine native=(1.0000, 0.0000)  refit=(3.4079, -21.8701)
    ep 200/600  acc=0.7057
    ep 400/600  acc=0.7044
    ep 600/600  acc=0.7025
    guard: exact (13/13 exact, max|diff|=0.00e+00)  [171.4s]
[A] (90/120) cifar_fs_1shot_resnet18_linear_probe_softmax_seed44
    T=0.4432  affine native=(1.0000, 0.0000)  refit=(3.4079, -21.8701)
    ep 200/600  acc=0.7057
    ep 400/600  acc=0.7044
    ep 600/600  acc=0.7025
    guard: exact (13/13 exact, max|diff|=0.00e+00)  [181.7s]
[A] (91/120) cifar_fs_1shot_resnet18_lora_evidential_seed42
    T=0.8678  affine native=(1.9333, -6.4317)  refit=(5.3457, -20.5812)
    ep 200/600  acc=0.7409
    ep 400/600  acc=0.7419
    ep 600/600  acc=0.7392
    guard: exact (12/12 exact, max|diff|=0.00e+00)  [182.8s]
[A] (92/120) cifar_fs_1shot_resnet18_lora_evidential_seed43
    T=0.8689  affine native=(2.1697, -8.3761)  refit=(6.1236, -22.6991)
    ep 200/600  acc=0.7479
    ep 400/600  acc=0.7493
    ep 600/600  acc=0.7500
    guard: exact (12/12 exact, max|diff|=0.00e+00)  [181.4s]
[A] (93/120) cifar_fs_1shot_resnet18_lora_evidential_seed44
    T=0.9138  affine native=(2.2830, -9.2716)  refit=(6.4688, -21.5139)
    ep 200/600  acc=0.7284
    ep 400/600  acc=0.7214
    ep 600/600  acc=0.7235
    guard: exact (12/12 exact, max|diff|=0.00e+00)  [178.8s]
[A] (94/120) cifar_fs_1shot_resnet18_lora_softmax_seed42
    T=0.7544  affine native=(1.0000, 0.0000)  refit=(3.6641, -16.5529)
    ep 200/600  acc=0.7557
    ep 400/600  acc=0.7587
    ep 600/600  acc=0.7586
    guard: exact (13/13 exact, max|diff|=0.00e+00)  [170.0s]
[A] (95/120) cifar_fs_1shot_resnet18_lora_softmax_seed43
    T=0.7080  affine native=(1.0000, 0.0000)  refit=(3.5496, -17.0489)
    ep 200/600  acc=0.7530
    ep 400/600  acc=0.7555
    ep 600/600  acc=0.7550
    guard: exact (13/13 exact, max|diff|=0.00e+00)  [179.7s]
[A] (96/120) cifar_fs_1shot_resnet18_lora_softmax_seed44
    T=0.8192  affine native=(1.0000, 0.0000)  refit=(3.6602, -16.0069)
    ep 200/600  acc=0.7497
    ep 400/600  acc=0.7477
    ep 600/600  acc=0.7497
    guard: exact (13/13 exact, max|diff|=0.00e+00)  [180.9s]
[A] (97/120) mini_imagenet_1shot_mobilenetv3_small_bottleneck_parallel_evidential_seed42
    T=0.7512  affine native=(3.4201, -6.0758)  refit=(10.8356, -14.8136)
    ep 200/600  acc=0.7563
    ep 400/600  acc=0.7538
    ep 600/600  acc=0.7514
    guard: exact (12/12 exact, max|diff|=0.00e+00)  [159.3s]
[A] (98/120) mini_imagenet_1shot_mobilenetv3_small_bottleneck_parallel_evidential_seed43
    T=0.7273  affine native=(3.3986, -6.1692)  refit=(10.8500, -14.6500)
    ep 200/600  acc=0.7637
    ep 400/600  acc=0.7594
    ep 600/600  acc=0.7578
    guard: exact (12/12 exact, max|diff|=0.00e+00)  [159.8s]
[A] (99/120) mini_imagenet_1shot_mobilenetv3_small_bottleneck_parallel_evidential_seed44
    T=0.7460  affine native=(3.4045, -6.1242)  refit=(10.7101, -13.4435)
    ep 200/600  acc=0.7647
    ep 400/600  acc=0.7627
    ep 600/600  acc=0.7592
    guard: exact (12/12 exact, max|diff|=0.00e+00)  [162.4s]
[A] (100/120) mini_imagenet_1shot_mobilenetv3_small_bottleneck_parallel_softmax_seed42
    T=0.8000  affine native=(1.0000, 0.0000)  refit=(6.6022, -12.1740)
    ep 200/600  acc=0.7529
    ep 400/600  acc=0.7495
    ep 600/600  acc=0.7475
    guard: exact (13/13 exact, max|diff|=0.00e+00)  [157.9s]
[A] (101/120) mini_imagenet_1shot_mobilenetv3_small_bottleneck_parallel_softmax_seed43
    T=0.7585  affine native=(1.0000, 0.0000)  refit=(6.1835, -12.6625)
    ep 200/600  acc=0.7577
    ep 400/600  acc=0.7516
    ep 600/600  acc=0.7502
    guard: exact (13/13 exact, max|diff|=0.00e+00)  [157.3s]
[A] (102/120) mini_imagenet_1shot_mobilenetv3_small_bottleneck_parallel_softmax_seed44
    T=0.7878  affine native=(1.0000, 0.0000)  refit=(6.3352, -12.3208)
    ep 200/600  acc=0.7591
    ep 400/600  acc=0.7518
    ep 600/600  acc=0.7499
    guard: exact (13/13 exact, max|diff|=0.00e+00)  [157.7s]
[A] (103/120) mini_imagenet_1shot_mobilenetv3_small_lora_evidential_seed42
    T=0.9577  affine native=(3.1608, -7.2519)  refit=(8.7815, -12.9521)
    ep 200/600  acc=0.7290
    ep 400/600  acc=0.7265
    ep 600/600  acc=0.7232
    guard: exact (12/12 exact, max|diff|=0.00e+00)  [158.6s]
[A] (104/120) mini_imagenet_1shot_mobilenetv3_small_lora_evidential_seed43
    T=0.9151  affine native=(3.1693, -6.6005)  refit=(9.4261, -12.7481)
    ep 200/600  acc=0.7325
    ep 400/600  acc=0.7313
    ep 600/600  acc=0.7269
    guard: exact (12/12 exact, max|diff|=0.00e+00)  [159.0s]
[A] (105/120) mini_imagenet_1shot_mobilenetv3_small_lora_evidential_seed44
    T=0.8989  affine native=(3.0466, -6.2501)  refit=(9.6212, -14.0828)
    ep 200/600  acc=0.7309
    ep 400/600  acc=0.7279
    ep 600/600  acc=0.7242
    guard: exact (12/12 exact, max|diff|=0.00e+00)  [159.5s]
[A] (106/120) mini_imagenet_1shot_mobilenetv3_small_lora_softmax_seed42
    T=0.8960  affine native=(1.0000, 0.0000)  refit=(4.3520, -13.9304)
    ep 200/600  acc=0.7222
    ep 400/600  acc=0.7229
    ep 600/600  acc=0.7191
    guard: exact (13/13 exact, max|diff|=0.00e+00)  [156.5s]
[A] (107/120) mini_imagenet_1shot_mobilenetv3_small_lora_softmax_seed43
    T=0.8392  affine native=(1.0000, 0.0000)  refit=(4.5245, -13.9159)
    ep 200/600  acc=0.7341
    ep 400/600  acc=0.7306
    ep 600/600  acc=0.7248
    guard: exact (13/13 exact, max|diff|=0.00e+00)  [155.6s]
[A] (108/120) mini_imagenet_1shot_mobilenetv3_small_lora_softmax_seed44
    T=0.8681  affine native=(1.0000, 0.0000)  refit=(4.8781, -13.4037)
    ep 200/600  acc=0.7357
    ep 400/600  acc=0.7344
    ep 600/600  acc=0.7296
    guard: exact (13/13 exact, max|diff|=0.00e+00)  [159.7s]
[A] (109/120) mini_imagenet_1shot_resnet18_bottleneck_parallel_evidential_seed42
    T=0.5777  affine native=(2.9500, -5.5836)  refit=(11.4556, -19.0786)
    ep 200/600  acc=0.8494
    ep 400/600  acc=0.8478
    ep 600/600  acc=0.8478
    guard: exact (12/12 exact, max|diff|=0.00e+00)  [193.8s]
[A] (110/120) mini_imagenet_1shot_resnet18_bottleneck_parallel_evidential_seed43
    T=0.5697  affine native=(3.6545, -5.8746)  refit=(13.0189, -16.9712)
    ep 200/600  acc=0.8507
    ep 400/600  acc=0.8496
    ep 600/600  acc=0.8492
    guard: exact (12/12 exact, max|diff|=0.00e+00)  [193.0s]
[A] (111/120) mini_imagenet_1shot_resnet18_bottleneck_parallel_evidential_seed44
    T=0.5742  affine native=(2.9497, -5.5796)  refit=(11.4704, -19.2067)
    ep 200/600  acc=0.8496
    ep 400/600  acc=0.8469
    ep 600/600  acc=0.8473
    guard: exact (12/12 exact, max|diff|=0.00e+00)  [194.6s]
[A] (112/120) mini_imagenet_1shot_resnet18_bottleneck_parallel_softmax_seed42
    T=0.6243  affine native=(1.0000, 0.0000)  refit=(8.3964, -11.9389)
    ep 200/600  acc=0.8459
    ep 400/600  acc=0.8455
    ep 600/600  acc=0.8431
    guard: exact (13/13 exact, max|diff|=0.00e+00)  [193.8s]
[A] (113/120) mini_imagenet_1shot_resnet18_bottleneck_parallel_softmax_seed43
    T=0.6023  affine native=(1.0000, 0.0000)  refit=(8.5690, -11.0829)
    ep 200/600  acc=0.8543
    ep 400/600  acc=0.8528
    ep 600/600  acc=0.8528
    guard: exact (13/13 exact, max|diff|=0.00e+00)  [194.6s]
[A] (114/120) mini_imagenet_1shot_resnet18_bottleneck_parallel_softmax_seed44
    T=0.6114  affine native=(1.0000, 0.0000)  refit=(8.6909, -10.9722)
    ep 200/600  acc=0.8573
    ep 400/600  acc=0.8556
    ep 600/600  acc=0.8551
    guard: exact (13/13 exact, max|diff|=0.00e+00)  [192.5s]
[A] (115/120) mini_imagenet_1shot_resnet18_lora_evidential_seed42
    T=0.6019  affine native=(2.0888, -6.8225)  refit=(6.0462, -22.0973)
    ep 200/600  acc=0.7919
    ep 400/600  acc=0.7886
    ep 600/600  acc=0.7871
    guard: exact (12/12 exact, max|diff|=0.00e+00)  [190.0s]
[A] (116/120) mini_imagenet_1shot_resnet18_lora_evidential_seed43
    T=0.5644  affine native=(2.0846, -6.8161)  refit=(5.8563, -22.2020)
    ep 200/600  acc=0.7984
    ep 400/600  acc=0.7968
    ep 600/600  acc=0.7962
    guard: exact (12/12 exact, max|diff|=0.00e+00)  [193.8s]
[A] (117/120) mini_imagenet_1shot_resnet18_lora_evidential_seed44
    T=0.5608  affine native=(2.0613, -6.8225)  refit=(5.7969, -22.2699)
    ep 200/600  acc=0.7963
    ep 400/600  acc=0.7922
    ep 600/600  acc=0.7915
    guard: exact (12/12 exact, max|diff|=0.00e+00)  [199.7s]
[A] (118/120) mini_imagenet_1shot_resnet18_lora_softmax_seed42
    T=0.5287  affine native=(1.0000, 0.0000)  refit=(4.0322, -16.8411)
    ep 200/600  acc=0.8083
    ep 400/600  acc=0.8070
    ep 600/600  acc=0.8052
    guard: exact (13/13 exact, max|diff|=0.00e+00)  [201.2s]
[A] (119/120) mini_imagenet_1shot_resnet18_lora_softmax_seed43
    T=0.5184  affine native=(1.0000, 0.0000)  refit=(3.9999, -17.1227)
    ep 200/600  acc=0.8067
    ep 400/600  acc=0.8010
    ep 600/600  acc=0.7980
    guard: exact (13/13 exact, max|diff|=0.00e+00)  [201.2s]
[A] (120/120) mini_imagenet_1shot_resnet18_lora_softmax_seed44
    T=0.5166  affine native=(1.0000, 0.0000)  refit=(3.9967, -17.1060)
    ep 200/600  acc=0.8123
    ep 400/600  acc=0.8096
    ep 600/600  acc=0.8055
    guard: exact (13/13 exact, max|diff|=0.00e+00)  [197.6s]
[A] done: {'ok': 99, 'skipped_done': 0, 'no_checkpoint': 21, 'error': 0, 'trained': 0}
[A] regression-guard status across 99 cell(s): {'exact': 99}
