\BOOKMARK [0][-]{chapter.1}{\376\377\000I\000n\000t\000r\000o\000d\000u\000c\000t\000i\000o\000n}{}% 1
\BOOKMARK [1][-]{section.1.1}{\376\377\000B\000a\000c\000k\000g\000r\000o\000u\000n\000d\000\040\000a\000n\000d\000\040\000M\000o\000t\000i\000v\000a\000t\000i\000o\000n}{chapter.1}% 2
\BOOKMARK [1][-]{section.1.2}{\376\377\000P\000r\000o\000b\000l\000e\000m\000\040\000S\000t\000a\000t\000e\000m\000e\000n\000t}{chapter.1}% 3
\BOOKMARK [1][-]{section.1.3}{\376\377\000R\000e\000s\000e\000a\000r\000c\000h\000\040\000Q\000u\000e\000s\000t\000i\000o\000n\000s}{chapter.1}% 4
\BOOKMARK [1][-]{section.1.4}{\376\377\000R\000e\000s\000e\000a\000r\000c\000h\000\040\000C\000h\000a\000l\000l\000e\000n\000g\000e\000s}{chapter.1}% 5
\BOOKMARK [1][-]{section.1.5}{\376\377\000C\000o\000n\000t\000r\000i\000b\000u\000t\000i\000o\000n\000s}{chapter.1}% 6
\BOOKMARK [1][-]{section.1.6}{\376\377\000T\000h\000e\000s\000i\000s\000\040\000O\000r\000g\000a\000n\000i\000z\000a\000t\000i\000o\000n}{chapter.1}% 7
\BOOKMARK [0][-]{chapter.2}{\376\377\000R\000e\000l\000a\000t\000e\000d\000\040\000W\000o\000r\000k\000s}{}% 8
\BOOKMARK [1][-]{section.2.1}{\376\377\000P\000a\000r\000a\000m\000e\000t\000e\000r\000-\000E\000f\000f\000i\000c\000i\000e\000n\000t\000\040\000F\000i\000n\000e\000-\000T\000u\000n\000i\000n\000g}{chapter.2}% 9
\BOOKMARK [1][-]{section.2.2}{\376\377\000B\000a\000y\000e\000s\000i\000a\000n\000\040\000a\000n\000d\000\040\000E\000v\000i\000d\000e\000n\000t\000i\000a\000l\000\040\000D\000e\000e\000p\000\040\000L\000e\000a\000r\000n\000i\000n\000g}{chapter.2}% 10
\BOOKMARK [1][-]{section.2.3}{\376\377\000C\000a\000l\000i\000b\000r\000a\000t\000i\000o\000n\000\040\000o\000f\000\040\000N\000e\000u\000r\000a\000l\000\040\000N\000e\000t\000w\000o\000r\000k\000\040\000C\000o\000n\000f\000i\000d\000e\000n\000c\000e}{chapter.2}% 11
\BOOKMARK [1][-]{section.2.4}{\376\377\000O\000u\000t\000-\000o\000f\000-\000D\000i\000s\000t\000r\000i\000b\000u\000t\000i\000o\000n\000\040\000D\000e\000t\000e\000c\000t\000i\000o\000n}{chapter.2}% 12
\BOOKMARK [1][-]{section.2.5}{\376\377\000F\000e\000w\000-\000S\000h\000o\000t\000\040\000L\000e\000a\000r\000n\000i\000n\000g}{chapter.2}% 13
\BOOKMARK [1][-]{section.2.6}{\376\377\000C\000N\000N\000\040\000B\000a\000c\000k\000b\000o\000n\000e\000s\000\040\000a\000n\000d\000\040\000E\000d\000g\000e\000\040\000D\000e\000p\000l\000o\000y\000m\000e\000n\000t}{chapter.2}% 14
\BOOKMARK [1][-]{section.2.7}{\376\377\000C\000l\000o\000s\000e\000s\000t\000\040\000P\000r\000i\000o\000r\000\040\000W\000o\000r\000k\000\040\000a\000n\000d\000\040\000P\000o\000s\000i\000t\000i\000o\000n\000i\000n\000g}{chapter.2}% 15
\BOOKMARK [1][-]{section.2.8}{\376\377\000C\000h\000a\000p\000t\000e\000r\000\040\000S\000u\000m\000m\000a\000r\000y}{chapter.2}% 16
\BOOKMARK [0][-]{chapter.3}{\376\377\000D\000a\000t\000a\000s\000e\000t\000s\000,\000\040\000M\000o\000d\000e\000l\000s\000,\000\040\000a\000n\000d\000\040\000E\000v\000a\000l\000u\000a\000t\000i\000o\000n\000\040\000P\000r\000o\000t\000o\000c\000o\000l}{}% 17
\BOOKMARK [1][-]{section.3.1}{\376\377\000D\000a\000t\000a\000s\000e\000t\000s\000\040\000a\000n\000d\000\040\000S\000p\000l\000i\000t\000s}{chapter.3}% 18
\BOOKMARK [2][-]{subsection.3.1.1}{\376\377\000I\000n\000-\000D\000i\000s\000t\000r\000i\000b\000u\000t\000i\000o\000n\000\040\000D\000a\000t\000a\000s\000e\000t\000s}{section.3.1}% 19
\BOOKMARK [2][-]{subsection.3.1.2}{\376\377\000O\000u\000t\000-\000o\000f\000-\000D\000i\000s\000t\000r\000i\000b\000u\000t\000i\000o\000n\000\040\000P\000o\000o\000l\000s}{section.3.1}% 20
\BOOKMARK [1][-]{section.3.2}{\376\377\000B\000a\000c\000k\000b\000o\000n\000e\000\040\000N\000e\000t\000w\000o\000r\000k\000s}{chapter.3}% 21
\BOOKMARK [1][-]{section.3.3}{\376\377\000E\000p\000i\000s\000o\000d\000i\000c\000\040\000F\000e\000w\000-\000S\000h\000o\000t\000\040\000P\000r\000o\000t\000o\000c\000o\000l}{chapter.3}% 22
\BOOKMARK [1][-]{section.3.4}{\376\377\000E\000v\000a\000l\000u\000a\000t\000i\000o\000n\000\040\000M\000e\000t\000r\000i\000c\000s}{chapter.3}% 23
\BOOKMARK [2][-]{subsection.3.4.1}{\376\377\000A\000c\000c\000u\000r\000a\000c\000y\000\040\000a\000n\000d\000\040\000M\000a\000c\000r\000o\000-\000F\0001}{section.3.4}% 24
\BOOKMARK [2][-]{subsection.3.4.2}{\376\377\000C\000a\000l\000i\000b\000r\000a\000t\000i\000o\000n}{section.3.4}% 25
\BOOKMARK [2][-]{subsection.3.4.3}{\376\377\000O\000u\000t\000-\000o\000f\000-\000D\000i\000s\000t\000r\000i\000b\000u\000t\000i\000o\000n\000\040\000D\000e\000t\000e\000c\000t\000i\000o\000n}{section.3.4}% 26
\BOOKMARK [2][-]{subsection.3.4.4}{\376\377\000E\000f\000f\000i\000c\000i\000e\000n\000c\000y}{section.3.4}% 27
\BOOKMARK [0][-]{chapter.4}{\376\377\000P\000r\000o\000p\000o\000s\000e\000d\000\040\000M\000e\000t\000h\000o\000d\000o\000l\000o\000g\000y}{}% 28
\BOOKMARK [1][-]{section.4.1}{\376\377\000O\000v\000e\000r\000v\000i\000e\000w\000\040\000o\000f\000\040\000t\000h\000e\000\040\000M\000e\000t\000h\000o\000d\000o\000l\000o\000g\000y}{chapter.4}% 29
\BOOKMARK [1][-]{section.4.2}{\376\377\000P\000a\000r\000a\000m\000e\000t\000e\000r\000-\000E\000f\000f\000i\000c\000i\000e\000n\000t\000\040\000A\000d\000a\000p\000t\000e\000r\000s}{chapter.4}% 30
\BOOKMARK [1][-]{section.4.3}{\376\377\000T\000h\000e\000\040\000P\000a\000r\000a\000m\000e\000t\000e\000r\000-\000F\000r\000e\000e\000\040\000P\000r\000o\000t\000o\000t\000y\000p\000e\000\040\000H\000e\000a\000d}{chapter.4}% 31
\BOOKMARK [1][-]{section.4.4}{\376\377\000F\000r\000o\000m\000\040\000L\000o\000g\000i\000t\000s\000\040\000t\000o\000\040\000B\000e\000l\000i\000e\000f\000:\000\040\000S\000o\000f\000t\000m\000a\000x\000\040\000v\000e\000r\000s\000u\000s\000\040\000E\000v\000i\000d\000e\000n\000t\000i\000a\000l\000\040\000I\000n\000t\000e\000r\000p\000r\000e\000t\000a\000t\000i\000o\000n}{chapter.4}% 32
\BOOKMARK [2][-]{subsection.4.4.1}{\376\377\000S\000o\000f\000t\000m\000a\000x\000\040\000i\000n\000t\000e\000r\000p\000r\000e\000t\000a\000t\000i\000o\000n}{section.4.4}% 33
\BOOKMARK [2][-]{subsection.4.4.2}{\376\377\000E\000v\000i\000d\000e\000n\000t\000i\000a\000l\000\040\000\050\000D\000i\000r\000i\000c\000h\000l\000e\000t\000\051\000\040\000i\000n\000t\000e\000r\000p\000r\000e\000t\000a\000t\000i\000o\000n}{section.4.4}% 34
\BOOKMARK [1][-]{section.4.5}{\376\377\000T\000h\000e\000\040\000E\000v\000i\000d\000e\000n\000t\000i\000a\000l\000\040\000T\000r\000a\000i\000n\000i\000n\000g\000\040\000O\000b\000j\000e\000c\000t\000i\000v\000e}{chapter.4}% 35
\BOOKMARK [1][-]{section.4.6}{\376\377\000E\000p\000i\000s\000o\000d\000i\000c\000\040\000M\000e\000t\000a\000-\000T\000r\000a\000i\000n\000i\000n\000g\000\040\000P\000r\000o\000c\000e\000d\000u\000r\000e}{chapter.4}% 36
\BOOKMARK [1][-]{section.4.7}{\376\377\000P\000o\000s\000t\000-\000H\000o\000c\000\040\000R\000e\000c\000a\000l\000i\000b\000r\000a\000t\000i\000o\000n\000\040\000o\000f\000\040\000t\000h\000e\000\040\000E\000v\000i\000d\000e\000n\000t\000i\000a\000l\000\040\000H\000e\000a\000d}{chapter.4}% 37
\BOOKMARK [1][-]{section.4.8}{\376\377\000O\000u\000t\000-\000o\000f\000-\000D\000i\000s\000t\000r\000i\000b\000u\000t\000i\000o\000n\000\040\000S\000c\000o\000r\000i\000n\000g\000\040\000R\000u\000l\000e\000s}{chapter.4}% 38
\BOOKMARK [1][-]{section.4.9}{\376\377\000E\000x\000p\000e\000r\000i\000m\000e\000n\000t\000a\000l\000\040\000D\000e\000s\000i\000g\000n}{chapter.4}% 39
\BOOKMARK [2][-]{subsection.4.9.1}{\376\377\000T\000h\000e\000\040\000m\000a\000i\000n\000\040\000g\000r\000i\000d}{section.4.9}% 40
\BOOKMARK [2][-]{subsection.4.9.2}{\376\377\000T\000h\000e\000\040\000m\000a\000t\000c\000h\000e\000d\000-\000b\000u\000d\000g\000e\000t\000\040\000f\000o\000l\000l\000o\000w\000-\000u\000p\000\040\000e\000x\000p\000e\000r\000i\000m\000e\000n\000t}{section.4.9}% 41
\BOOKMARK [1][-]{section.4.10}{\376\377\000I\000m\000p\000l\000e\000m\000e\000n\000t\000a\000t\000i\000o\000n\000\040\000a\000n\000d\000\040\000R\000e\000p\000r\000o\000d\000u\000c\000i\000b\000i\000l\000i\000t\000y}{chapter.4}% 42
\BOOKMARK [0][-]{chapter.5}{\376\377\000R\000e\000s\000u\000l\000t\000s\000\040\000a\000n\000d\000\040\000D\000i\000s\000c\000u\000s\000s\000i\000o\000n}{}% 43
\BOOKMARK [1][-]{section.5.1}{\376\377\000O\000v\000e\000r\000v\000i\000e\000w\000\040\000o\000f\000\040\000t\000h\000e\000\040\000E\000x\000p\000e\000r\000i\000m\000e\000n\000t\000\040\000G\000r\000i\000d}{chapter.5}% 44
\BOOKMARK [1][-]{section.5.2}{\376\377\000R\000e\000s\000u\000l\000t\000s\000:\000\040\000P\000a\000r\000a\000m\000e\000t\000e\000r\000\040\000E\000f\000f\000i\000c\000i\000e\000n\000c\000y}{chapter.5}% 45
\BOOKMARK [1][-]{section.5.3}{\376\377\000R\000Q\0001\000:\000\040\000A\000t\000t\000r\000i\000b\000u\000t\000i\000o\000n\000\040\000o\000f\000\040\000O\000u\000t\000c\000o\000m\000e\000\040\000V\000a\000r\000i\000a\000n\000c\000e\000\040\000A\000c\000r\000o\000s\000s\000\040\000D\000e\000s\000i\000g\000n\000\040\000A\000x\000e\000s}{chapter.5}% 46
\BOOKMARK [1][-]{section.5.4}{\376\377\000R\000Q\0002\000:\000\040\000T\000r\000a\000i\000n\000i\000n\000g\000\040\000O\000b\000j\000e\000c\000t\000i\000v\000e\000\040\000v\000e\000r\000s\000u\000s\000\040\000S\000c\000o\000r\000i\000n\000g\000\040\000R\000u\000l\000e}{chapter.5}% 47
\BOOKMARK [1][-]{section.5.5}{\376\377\000R\000Q\0003\000:\000\040\000A\000d\000a\000p\000t\000e\000r\000\040\000A\000r\000c\000h\000i\000t\000e\000c\000t\000u\000r\000e\000\040\000v\000e\000r\000s\000u\000s\000\040\000P\000a\000r\000a\000m\000e\000t\000e\000r\000\040\000B\000u\000d\000g\000e\000t}{chapter.5}% 48
\BOOKMARK [1][-]{section.5.6}{\376\377\000R\000Q\0004\000:\000\040\000P\000o\000s\000t\000-\000H\000o\000c\000\040\000R\000e\000m\000e\000d\000i\000a\000t\000i\000o\000n\000\040\000o\000f\000\040\000t\000h\000e\000\040\000C\000a\000l\000i\000b\000r\000a\000t\000i\000o\000n\000\040\000D\000e\000f\000i\000c\000i\000t}{chapter.5}% 49
\BOOKMARK [1][-]{section.5.7}{\376\377\000I\000m\000p\000l\000i\000c\000a\000t\000i\000o\000n\000s\000:\000\040\000D\000e\000p\000l\000o\000y\000m\000e\000n\000t\000\040\000C\000o\000s\000t}{chapter.5}% 50
\BOOKMARK [1][-]{section.5.8}{\376\377\000P\000o\000s\000i\000t\000i\000o\000n\000i\000n\000g\000\040\000A\000g\000a\000i\000n\000s\000t\000\040\000t\000h\000e\000\040\000S\000t\000a\000t\000e\000\040\000o\000f\000\040\000t\000h\000e\000\040\000A\000r\000t}{chapter.5}% 51
\BOOKMARK [1][-]{section.5.9}{\376\377\000T\000h\000r\000e\000a\000t\000s\000\040\000t\000o\000\040\000V\000a\000l\000i\000d\000i\000t\000y\000\040\000a\000n\000d\000\040\000L\000i\000m\000i\000t\000a\000t\000i\000o\000n\000s}{chapter.5}% 52
\BOOKMARK [0][-]{chapter.6}{\376\377\000C\000o\000n\000c\000l\000u\000s\000i\000o\000n}{}% 53
\BOOKMARK [1][-]{section.6.1}{\376\377\000R\000e\000s\000t\000a\000t\000i\000n\000g\000\040\000t\000h\000e\000\040\000R\000e\000s\000e\000a\000r\000c\000h\000\040\000Q\000u\000e\000s\000t\000i\000o\000n\000s}{chapter.6}% 54
\BOOKMARK [1][-]{section.6.2}{\376\377\000S\000u\000m\000m\000a\000r\000y\000\040\000o\000f\000\040\000K\000e\000y\000\040\000F\000i\000n\000d\000i\000n\000g\000s}{chapter.6}% 55
\BOOKMARK [1][-]{section.6.3}{\376\377\000C\000o\000n\000t\000r\000i\000b\000u\000t\000i\000o\000n\000s\000\040\000o\000f\000\040\000t\000h\000e\000\040\000R\000e\000s\000e\000a\000r\000c\000h}{chapter.6}% 56
\BOOKMARK [1][-]{section.6.4}{\376\377\000L\000i\000m\000i\000t\000a\000t\000i\000o\000n\000s}{chapter.6}% 57
\BOOKMARK [1][-]{section.6.5}{\376\377\000S\000u\000g\000g\000e\000s\000t\000i\000o\000n\000s\000\040\000f\000o\000r\000\040\000F\000u\000t\000u\000r\000e\000\040\000W\000o\000r\000k}{chapter.6}% 58
\BOOKMARK [1][-]{section.6.6}{\376\377\000C\000o\000n\000c\000l\000u\000d\000i\000n\000g\000\040\000R\000e\000m\000a\000r\000k\000s}{chapter.6}% 59
\BOOKMARK [0][-]{chapter*.53}{\376\377\000R\000e\000f\000e\000r\000e\000n\000c\000e\000s}{}% 60
\BOOKMARK [0][-]{section*.54}{\376\377\000A\000p\000p\000e\000n\000d\000i\000c\000e\000s}{}% 61
\BOOKMARK [0][-]{appendix.1.A}{\376\377\000F\000u\000l\000l\000\040\000E\000x\000p\000e\000r\000i\000m\000e\000n\000t\000a\000l\000\040\000R\000e\000s\000u\000l\000t\000\040\000T\000a\000b\000l\000e\000s}{}% 62
\BOOKMARK [0][-]{appendix.1.B}{\376\377\000R\000e\000p\000r\000o\000d\000u\000c\000i\000b\000i\000l\000i\000t\000y\000\040\000a\000n\000d\000\040\000C\000o\000n\000f\000i\000g\000u\000r\000a\000t\000i\000o\000n\000\040\000D\000e\000t\000a\000i\000l\000s}{}% 63
\BOOKMARK [1][-]{section.1.B.1}{\376\377\000C\000o\000n\000f\000i\000g\000u\000r\000a\000t\000i\000o\000n\000\040\000S\000y\000s\000t\000e\000m}{appendix.1.B}% 64
\BOOKMARK [1][-]{section.1.B.2}{\376\377\000F\000r\000o\000z\000e\000n\000\040\000A\000r\000t\000e\000f\000a\000c\000t\000s}{appendix.1.B}% 65
\BOOKMARK [1][-]{section.1.B.3}{\376\377\000D\000e\000t\000e\000r\000m\000i\000n\000i\000s\000m}{appendix.1.B}% 66
\BOOKMARK [1][-]{section.1.B.4}{\376\377\000E\000x\000p\000e\000r\000i\000m\000e\000n\000t\000\040\000T\000r\000a\000c\000k\000i\000n\000g\000\040\000a\000n\000d\000\040\000H\000a\000r\000d\000w\000a\000r\000e}{appendix.1.B}% 67
